I'm sorry, but errors were detected in your script. Please correct the
errors listed below, and try again.


File "game/script.rpy", line 61: invalid syntax
    winsPlayer++
    

File "game/script.rpy", line 67: invalid syntax
    winsDeamon++
    

Ren'Py Version: Ren'Py 8.0.0.22062402
Sat Jul  9 19:29:38 2022
